prepared-upgrade (arm64, ubuntu-24.04-arm)	Fetch and verify the exact prepared pair (no rebuild)	﻿2026-09-15T10:32:18.2138769Z ##[group]Run mkdir -p .tmp/prepared-upgrade
prepared-upgrade (arm64, ubuntu-24.04-arm)	Fetch and verify the exact prepared pair (no rebuild)	2026-09-15T10:32:18.2139397Z [36;1mmkdir -p .tmp/prepared-upgrade[0m
prepared-upgrade (arm64, ubuntu-24.04-arm)	Fetch and verify the exact prepared pair (no rebuild)	2026-09-15T10:32:18.2139853Z [36;1m[[ "$PAIR_SHA256" =~ ^[0-9a-f]{64}$ ]][0m
prepared-upgrade (arm64, ubuntu-24.04-arm)	Fetch and verify the exact prepared pair (no rebuild)	2026-09-15T10:32:18.2140358Z [36;1mpython3 tests/linux-installed/fetch-prepared-pair.py .tmp/prepared-upgrade/pair.tar[0m
prepared-upgrade (arm64, ubuntu-24.04-arm)	Fetch and verify the exact prepared pair (no rebuild)	2026-09-15T10:32:18.2141019Z [36;1mprintf '%s  %s\n' "$PAIR_SHA256" .tmp/prepared-upgrade/pair.tar | sha256sum --check --strict[0m
prepared-upgrade (arm64, ubuntu-24.04-arm)	Fetch and verify the exact prepared pair (no rebuild)	2026-09-15T10:32:18.2142065Z [36;1mpython3 tests/linux-installed/verify-prepared-pair.py .tmp/prepared-upgrade/pair.tar .tmp/prepared-upgrade/packages[0m
prepared-upgrade (arm64, ubuntu-24.04-arm)	Fetch and verify the exact prepared pair (no rebuild)	2026-09-15T10:32:18.2227120Z shell: /usr/bin/bash -e {0}
prepared-upgrade (arm64, ubuntu-24.04-arm)	Fetch and verify the exact prepared pair (no rebuild)	2026-09-15T10:32:18.2227543Z env:
prepared-upgrade (arm64, ubuntu-24.04-arm)	Fetch and verify the exact prepared pair (no rebuild)	2026-09-15T10:32:18.2228017Z   PNPM_HOME: /home/runner/setup-pnpm/node_modules/.bin
prepared-upgrade (arm64, ubuntu-24.04-arm)	Fetch and verify the exact prepared pair (no rebuild)	2026-09-15T10:32:18.2228369Z   PAIR_ASSET_ID: 565472294
prepared-upgrade (arm64, ubuntu-24.04-arm)	Fetch and verify the exact prepared pair (no rebuild)	2026-09-15T10:32:18.2230938Z   GH_TOKEN: ***
prepared-upgrade (arm64, ubuntu-24.04-arm)	Fetch and verify the exact prepared pair (no rebuild)	2026-09-15T10:32:18.2231405Z   PAIR_SHA256: cfa6edb45cc7bf72f6cc5fd581bd2e58ebfbf379649919836d53bf6f92527210
prepared-upgrade (arm64, ubuntu-24.04-arm)	Fetch and verify the exact prepared pair (no rebuild)	2026-09-15T10:32:18.2232074Z ##[endgroup]
prepared-upgrade (arm64, ubuntu-24.04-arm)	Fetch and verify the exact prepared pair (no rebuild)	2026-09-15T10:32:18.4142604Z GitHub asset API returned HTTP 403; draft assets may require permissions unavailable to contents:read. Keep the release draft.
prepared-upgrade (arm64, ubuntu-24.04-arm)	Fetch and verify the exact prepared pair (no rebuild)	2026-09-15T10:32:18.4249717Z ##[error]Process completed with exit code 1.
prepared-upgrade (arm64, ubuntu-24.04-arm)	Run actions/upload-artifact@v4	﻿2026-09-15T10:32:18.4375439Z Node 20 is being deprecated. This workflow is running with Node 24 by default. If you need to temporarily use Node 20, you can set the ACTIONS_ALLOW_USE_UNSECURE_NODE_VERSION=true environment variable. For more information see: https://github.blog/changelog/2025-09-19-deprecation-of-node-20-on-github-actions-runners/
prepared-upgrade (arm64, ubuntu-24.04-arm)	Run actions/upload-artifact@v4	2026-09-15T10:32:18.4376977Z ##[group]Run actions/upload-artifact@v4
prepared-upgrade (arm64, ubuntu-24.04-arm)	Run actions/upload-artifact@v4	2026-09-15T10:32:18.4377273Z with:
prepared-upgrade (arm64, ubuntu-24.04-arm)	Run actions/upload-artifact@v4	2026-09-15T10:32:18.4377618Z   name: prepared-upgrade-arm64-evidence
prepared-upgrade (arm64, ubuntu-24.04-arm)	Run actions/upload-artifact@v4	2026-09-15T10:32:18.4378441Z   path: .tmp/prepared-upgrade/evidence/*.jsonl
prepared-upgrade (arm64, ubuntu-24.04-arm)	Run actions/upload-artifact@v4	.tmp/prepared-upgrade/evidence/vitest-result.json
prepared-upgrade (arm64, ubuntu-24.04-arm)	Run actions/upload-artifact@v4	.tmp/prepared-upgrade/evidence/*/journal.log
prepared-upgrade (arm64, ubuntu-24.04-arm)	Run actions/upload-artifact@v4	.tmp/prepared-upgrade/evidence/*/unit.txt
prepared-upgrade (arm64, ubuntu-24.04-arm)	Run actions/upload-artifact@v4	
prepared-upgrade (arm64, ubuntu-24.04-arm)	Run actions/upload-artifact@v4	2026-09-15T10:32:18.4379322Z   if-no-files-found: error
prepared-upgrade (arm64, ubuntu-24.04-arm)	Run actions/upload-artifact@v4	2026-09-15T10:32:18.4379583Z   retention-days: 14
prepared-upgrade (arm64, ubuntu-24.04-arm)	Run actions/upload-artifact@v4	2026-09-15T10:32:18.4379817Z   compression-level: 6
prepared-upgrade (arm64, ubuntu-24.04-arm)	Run actions/upload-artifact@v4	2026-09-15T10:32:18.4380137Z   overwrite: false
prepared-upgrade (arm64, ubuntu-24.04-arm)	Run actions/upload-artifact@v4	2026-09-15T10:32:18.4380381Z   include-hidden-files: false
prepared-upgrade (arm64, ubuntu-24.04-arm)	Run actions/upload-artifact@v4	2026-09-15T10:32:18.4380705Z env:
prepared-upgrade (arm64, ubuntu-24.04-arm)	Run actions/upload-artifact@v4	2026-09-15T10:32:18.4381069Z   PNPM_HOME: /home/runner/setup-pnpm/node_modules/.bin
prepared-upgrade (arm64, ubuntu-24.04-arm)	Run actions/upload-artifact@v4	2026-09-15T10:32:18.4381442Z ##[endgroup]
prepared-upgrade (arm64, ubuntu-24.04-arm)	Run actions/upload-artifact@v4	2026-09-15T10:32:18.5842427Z (node:2271) [DEP0040] DeprecationWarning: The `punycode` module is deprecated. Please use a userland alternative instead.
prepared-upgrade (arm64, ubuntu-24.04-arm)	Run actions/upload-artifact@v4	2026-09-15T10:32:18.5843623Z (Use `node --trace-deprecation ...` to show where the warning was created)
prepared-upgrade (arm64, ubuntu-24.04-arm)	Run actions/upload-artifact@v4	2026-09-15T10:32:18.5893147Z ##[error]No files were found with the provided path: .tmp/prepared-upgrade/evidence/*.jsonl
prepared-upgrade (arm64, ubuntu-24.04-arm)	Run actions/upload-artifact@v4	.tmp/prepared-upgrade/evidence/vitest-result.json
prepared-upgrade (arm64, ubuntu-24.04-arm)	Run actions/upload-artifact@v4	.tmp/prepared-upgrade/evidence/*/journal.log
prepared-upgrade (arm64, ubuntu-24.04-arm)	Run actions/upload-artifact@v4	.tmp/prepared-upgrade/evidence/*/unit.txt. No artifacts will be uploaded.
prepared-upgrade (x86_64, ubuntu-24.04)	Fetch and verify the exact prepared pair (no rebuild)	﻿2026-09-15T10:32:14.2620482Z ##[group]Run mkdir -p .tmp/prepared-upgrade
prepared-upgrade (x86_64, ubuntu-24.04)	Fetch and verify the exact prepared pair (no rebuild)	2026-09-15T10:32:14.2621147Z [36;1mmkdir -p .tmp/prepared-upgrade[0m
prepared-upgrade (x86_64, ubuntu-24.04)	Fetch and verify the exact prepared pair (no rebuild)	2026-09-15T10:32:14.2621595Z [36;1m[[ "$PAIR_SHA256" =~ ^[0-9a-f]{64}$ ]][0m
prepared-upgrade (x86_64, ubuntu-24.04)	Fetch and verify the exact prepared pair (no rebuild)	2026-09-15T10:32:14.2622138Z [36;1mpython3 tests/linux-installed/fetch-prepared-pair.py .tmp/prepared-upgrade/pair.tar[0m
prepared-upgrade (x86_64, ubuntu-24.04)	Fetch and verify the exact prepared pair (no rebuild)	2026-09-15T10:32:14.2623044Z [36;1mprintf '%s  %s\n' "$PAIR_SHA256" .tmp/prepared-upgrade/pair.tar | sha256sum --check --strict[0m
prepared-upgrade (x86_64, ubuntu-24.04)	Fetch and verify the exact prepared pair (no rebuild)	2026-09-15T10:32:14.2623962Z [36;1mpython3 tests/linux-installed/verify-prepared-pair.py .tmp/prepared-upgrade/pair.tar .tmp/prepared-upgrade/packages[0m
prepared-upgrade (x86_64, ubuntu-24.04)	Fetch and verify the exact prepared pair (no rebuild)	2026-09-15T10:32:14.2719476Z shell: /usr/bin/bash -e {0}
prepared-upgrade (x86_64, ubuntu-24.04)	Fetch and verify the exact prepared pair (no rebuild)	2026-09-15T10:32:14.2719892Z env:
prepared-upgrade (x86_64, ubuntu-24.04)	Fetch and verify the exact prepared pair (no rebuild)	2026-09-15T10:32:14.2720456Z   PNPM_HOME: /home/runner/setup-pnpm/node_modules/.bin
prepared-upgrade (x86_64, ubuntu-24.04)	Fetch and verify the exact prepared pair (no rebuild)	2026-09-15T10:32:14.2720851Z   PAIR_ASSET_ID: 565472294
prepared-upgrade (x86_64, ubuntu-24.04)	Fetch and verify the exact prepared pair (no rebuild)	2026-09-15T10:32:14.2723721Z   GH_TOKEN: ***
prepared-upgrade (x86_64, ubuntu-24.04)	Fetch and verify the exact prepared pair (no rebuild)	2026-09-15T10:32:14.2724175Z   PAIR_SHA256: cfa6edb45cc7bf72f6cc5fd581bd2e58ebfbf379649919836d53bf6f92527210
prepared-upgrade (x86_64, ubuntu-24.04)	Fetch and verify the exact prepared pair (no rebuild)	2026-09-15T10:32:14.2724643Z ##[endgroup]
prepared-upgrade (x86_64, ubuntu-24.04)	Fetch and verify the exact prepared pair (no rebuild)	2026-09-15T10:32:14.6438941Z GitHub asset API returned HTTP 403; draft assets may require permissions unavailable to contents:read. Keep the release draft.
prepared-upgrade (x86_64, ubuntu-24.04)	Fetch and verify the exact prepared pair (no rebuild)	2026-09-15T10:32:14.6539408Z ##[error]Process completed with exit code 1.
prepared-upgrade (x86_64, ubuntu-24.04)	Run actions/upload-artifact@v4	﻿2026-09-15T10:32:14.6646434Z Node 20 is being deprecated. This workflow is running with Node 24 by default. If you need to temporarily use Node 20, you can set the ACTIONS_ALLOW_USE_UNSECURE_NODE_VERSION=true environment variable. For more information see: https://github.blog/changelog/2025-09-19-deprecation-of-node-20-on-github-actions-runners/
prepared-upgrade (x86_64, ubuntu-24.04)	Run actions/upload-artifact@v4	2026-09-15T10:32:14.6647703Z ##[group]Run actions/upload-artifact@v4
prepared-upgrade (x86_64, ubuntu-24.04)	Run actions/upload-artifact@v4	2026-09-15T10:32:14.6648103Z with:
prepared-upgrade (x86_64, ubuntu-24.04)	Run actions/upload-artifact@v4	2026-09-15T10:32:14.6648521Z   name: prepared-upgrade-x86_64-evidence
prepared-upgrade (x86_64, ubuntu-24.04)	Run actions/upload-artifact@v4	2026-09-15T10:32:14.6649379Z   path: .tmp/prepared-upgrade/evidence/*.jsonl
prepared-upgrade (x86_64, ubuntu-24.04)	Run actions/upload-artifact@v4	.tmp/prepared-upgrade/evidence/vitest-result.json
prepared-upgrade (x86_64, ubuntu-24.04)	Run actions/upload-artifact@v4	.tmp/prepared-upgrade/evidence/*/journal.log
prepared-upgrade (x86_64, ubuntu-24.04)	Run actions/upload-artifact@v4	.tmp/prepared-upgrade/evidence/*/unit.txt
prepared-upgrade (x86_64, ubuntu-24.04)	Run actions/upload-artifact@v4	
prepared-upgrade (x86_64, ubuntu-24.04)	Run actions/upload-artifact@v4	2026-09-15T10:32:14.6650213Z   if-no-files-found: error
prepared-upgrade (x86_64, ubuntu-24.04)	Run actions/upload-artifact@v4	2026-09-15T10:32:14.6650536Z   retention-days: 14
prepared-upgrade (x86_64, ubuntu-24.04)	Run actions/upload-artifact@v4	2026-09-15T10:32:14.6650917Z   compression-level: 6
prepared-upgrade (x86_64, ubuntu-24.04)	Run actions/upload-artifact@v4	2026-09-15T10:32:14.6651241Z   overwrite: false
prepared-upgrade (x86_64, ubuntu-24.04)	Run actions/upload-artifact@v4	2026-09-15T10:32:14.6651574Z   include-hidden-files: false
prepared-upgrade (x86_64, ubuntu-24.04)	Run actions/upload-artifact@v4	2026-09-15T10:32:14.6651926Z env:
prepared-upgrade (x86_64, ubuntu-24.04)	Run actions/upload-artifact@v4	2026-09-15T10:32:14.6652369Z   PNPM_HOME: /home/runner/setup-pnpm/node_modules/.bin
prepared-upgrade (x86_64, ubuntu-24.04)	Run actions/upload-artifact@v4	2026-09-15T10:32:14.6653144Z ##[endgroup]
prepared-upgrade (x86_64, ubuntu-24.04)	Run actions/upload-artifact@v4	2026-09-15T10:32:14.8188251Z (node:2318) [DEP0040] DeprecationWarning: The `punycode` module is deprecated. Please use a userland alternative instead.
prepared-upgrade (x86_64, ubuntu-24.04)	Run actions/upload-artifact@v4	2026-09-15T10:32:14.8189216Z (Use `node --trace-deprecation ...` to show where the warning was created)
prepared-upgrade (x86_64, ubuntu-24.04)	Run actions/upload-artifact@v4	2026-09-15T10:32:14.8226542Z ##[error]No files were found with the provided path: .tmp/prepared-upgrade/evidence/*.jsonl
prepared-upgrade (x86_64, ubuntu-24.04)	Run actions/upload-artifact@v4	.tmp/prepared-upgrade/evidence/vitest-result.json
prepared-upgrade (x86_64, ubuntu-24.04)	Run actions/upload-artifact@v4	.tmp/prepared-upgrade/evidence/*/journal.log
prepared-upgrade (x86_64, ubuntu-24.04)	Run actions/upload-artifact@v4	.tmp/prepared-upgrade/evidence/*/unit.txt. No artifacts will be uploaded.
